
> sendrey-landing-page@0.1.0 build C:\Users\timiv\Desktop\sendrey\apps\landing-page
> next build

▲ Next.js 16.2.10 (Turbopack)
- Environments: .env

  Creating an optimized production build ...
✓ Compiled successfully in 42s
  Running TypeScript ...
  Finished TypeScript in 1204ms ...
  Collecting page data using 3 workers ...
  Generating static pages using 3 workers (0/10) ...
  Generating static pages using 3 workers (2/10) 
  Generating static pages using 3 workers (4/10) 
  Generating static pages using 3 workers (7/10) 
✓ Generating static pages using 3 workers (10/10) in 2.6s
  Finalizing page optimization ...

Route (app)
┌ ○ /
├ ○ /_not-found
├ ○ /about
├ ƒ /api/analytics/stats
├ ƒ /api/analytics/track
├ ƒ /api/wait-list
├ ○ /apple
├ ○ /coming-soon
└ ○ /join-the-list


○  (Static)   prerendered as static content
ƒ  (Dynamic)  server-rendered on demand

