
> sendrey-web-app@0.0.0 build C:\Users\timiv\Desktop\sendrey\apps\web
> react-scripts build

Creating an optimized production build...
Compiled with warnings.

[eslint] 
src\pages\user\Welcome.jsx
  Line 323:6:  React Hook useEffect has a missing dependency: 'setCurrentScreen'. Either include it or remove the dependency array  react-hooks/exhaustive-deps

Search for the keywords to learn more about each warning.
To ignore, add // eslint-disable-next-line to the line before.

File sizes after gzip:

  1.07 MB   build\static\js\main.2a161bf2.js
  22.52 kB  build\static\css\main.f3f093a4.css

The bundle size is significantly larger than recommended.
Consider reducing it with code splitting: https://goo.gl/9VhYWB
You can also analyze the project dependencies: https://goo.gl/LeUzfb

The project was built assuming it is hosted at /.
You can control this with the homepage field in your package.json.

The build folder is ready to be deployed.
You may serve it with a static server:

  npm install -g serve
  serve -s build

Find out more about deployment here:

  https://cra.link/deployment

