
> sendrey-website@0.1.0 build C:\Users\timiv\Desktop\sendrey\apps\website
> next build

▲ Next.js 16.2.11 (Turbopack)
- Environments: .env

  Creating an optimized production build ...
✓ Compiled successfully in 45s
  Running TypeScript ...
  Finished TypeScript in 1376ms ...
  Collecting page data using 3 workers ...
  Generating static pages using 3 workers (0/11) ...
  Generating static pages using 3 workers (2/11) 
  Generating static pages using 3 workers (5/11) 
  Generating static pages using 3 workers (8/11) 
✓ Generating static pages using 3 workers (11/11) in 2.5s
  Finalizing page optimization ...

Route (app)
┌ ○ /
├ ○ /_not-found
├ ○ /about
├ ƒ /api/captcha
├ ƒ /api/contact
├ ○ /contact
├ ○ /faqs
├ ○ /robots.txt
└ ○ /sitemap.xml


○  (Static)   prerendered as static content
ƒ  (Dynamic)  server-rendered on demand

